<area shape="rect" href="$utilities_8cc.html#9120cd82c3c8a879048c38d570ae5472" title="determination de l&#39;index du plus petit element d&#39;un tableau de double" alt="" coords="148,5,263,32">
<area shape="rect" href="$configuration_8cc.html#4addd90be8b4ba29983d0af41be165ff" title="configuration_aligned" alt="" coords="347,56,488,83">
<area shape="rect" href="$configuration_8cc.html#4a26be55be188e00fa6fe49001afd3b5" title="configuration_distance" alt="" coords="343,309,492,336">
<area shape="rect" href="$configuration_8cc.html#f762905b1d4788d5d4593ba6b33fba67" title="configuration_equal" alt="" coords="140,259,271,285">
<area shape="rect" href="$paths_8cc.html#b39dca8e17e7ee5d3b6d971091f2795a" title="configuration_on_cc_circle" alt="" coords="331,157,504,184">
<area shape="rect" href="$utilities_8cc.html#e37d0d784d9be71f79f58adc3f8e5d22" title="initialisation a une valeur donnee d&#39;un tableau de double" alt="" coords="145,613,265,640">
<area shape="rect" href="$paths_8cc.html#fbee886cce846298b0b82d56c2af9208" title="dubins_turn_length" alt="" coords="140,107,271,133">
<area shape="rect" href="$paths_8cc.html#426ace6d59960ef764b7c113903f377c" title="external_mu_tangent" alt="" coords="135,512,276,539">
<area shape="rect" href="$paths_8cc.html#c210b396f19052e969adebdf87ad45ae" title="external_mu_tangent_exists" alt="" coords="325,208,509,235">
<area shape="rect" href="$paths_8cc.html#da3abf86ab5a82a5b22e3be7b3fc120d" title="internal_mu_tangent" alt="" coords="136,563,275,589">
<area shape="rect" href="$paths_8cc.html#c4e99763e75a68ab60f4722a95214cb4" title="internal_mu_tangent_exists" alt="" coords="328,360,507,387">
<area shape="rect" href="$utilities_8cc.html#94e7151929f1ef2e41e29def00d727e8" title="get elasped time (in microseconds) since the chronometer was last started." alt="" coords="135,664,276,691">
<area shape="rect" href="$utilities_8cc.html#6001f18b895b1b0fa7e545d87ead70a8" title="initialisation a NIL d&#39;un tableau de pointeurs" alt="" coords="145,715,265,741">
<area shape="rect" href="$utilities_8cc.html#b17235c72f98c79dcc37fbe9169de41b" title="start chronometer." alt="" coords="143,765,268,792">
<area shape="rect" href="$paths_8cc.html#73dda487ad2f6787aea0b0be7c3afdf6" title="tangent_circle" alt="" coords="155,461,256,488">
<area shape="rect" href="$paths_8cc.html#470d49b87d30c5ae4398b9e2330d49e8" title="tangent_circle_exists" alt="" coords="345,411,489,437">
<area shape="rect" href="$utilities_8cc.html#6ceef3af72a3a3a84ec3d602cc75419a" title="get epsilon&#39;s value (for numerical approximation)." alt="" coords="567,157,655,184">
<area shape="rect" href="$utilities_8cc.html#61962e4bcd7680dfab1a327940754c6f" title="conversion angle quelconque &#45;&gt; angle dans l&#39;intervalle [0, 2pi[ radians" alt="" coords="580,107,641,133">
<area shape="rect" href="$utilities_8cc.html#8c73f58051302f371da1ca560a9acfb0" title="cartesian distance between two points." alt="" coords="559,335,663,361">
<area shape="rect" href="$paths_8cc.html#7322060e9a9394804484e93f444850cd" title="cc_turn_length" alt="" coords="364,107,471,133">
<area shape="rect" href="$utilities_8cc.html#5739fab895737370bcef008be3ed095b" title="calul de la fonction D1 pour un angle alpha compris entre 0 et pi" alt="" coords="592,56,629,83">
<area shape="rect" href="$utilities_8cc.html#4902a4baa84a781ef875970f9cb7ad98" title="integrales de fresnel" alt="" coords="712,31,779,57">
<area shape="rect" href="$utilities_8cc.html#6115f0dfc39c6ce4c211f10ed9650577" title="fresnels" alt="" coords="712,81,779,108">
<area shape="rect" href="$utilities_8cc.html#71c161a58be2caea9d5ffad5b1385bc7" title="fresnel" alt="" coords="828,56,887,83">
<area shape="rect" href="$utilities_8cc.html#9e1516406022f23a54dd37db9d8ec104" title="global_frame_change" alt="" coords="345,512,489,539">
<area shape="rect" href="$utilities_8cc.html#422120fee47f8f91aedfa6ffc2e7bef3" title="elapsed_time" alt="" coords="368,664,467,691">
