<area shape="rect" href="$cc-rs_8cc.html#2ef10cf40bdfd2171c42625d82079b45" title="TceST_exists" alt="" coords="481,132,580,159">
<area shape="rect" href="$cc-rs_8cc.html#d3f4703673aa300bcfa47a265ac67ab2" title="TceST_path" alt="" coords="139,132,229,159">
<area shape="rect" href="$cc-rs_8cc.html#5ffd5fdb34a53a341853e748e4a8ddd0" title="TciST_exists" alt="" coords="483,284,579,311">
<area shape="rect" href="$cc-rs_8cc.html#f9a466ace89b0ec98db7928e7f728bd0" title="TciST_path" alt="" coords="141,183,227,209">
<area shape="rect" href="$utilities_8cc.html#6ceef3af72a3a3a84ec3d602cc75419a" title="get epsilon&#39;s value (for numerical approximation)." alt="" coords="641,132,729,159">
<area shape="rect" href="$utilities_8cc.html#8c73f58051302f371da1ca560a9acfb0" title="cartesian distance between two points." alt="" coords="633,183,737,209">
<area shape="rect" href="$configuration_8cc.html#4a26be55be188e00fa6fe49001afd3b5" title="configuration_distance" alt="" coords="279,183,428,209">
<area shape="rect" href="$utilities_8cc.html#9e1516406022f23a54dd37db9d8ec104" title="global_frame_change" alt="" coords="281,81,425,108">
<area shape="rect" href="$paths_8cc.html#ffc61dc590f2efda117f5a13e295737c" title="rs_turn_length" alt="" coords="301,132,405,159">
<area shape="rect" href="$paths_8cc.html#7322060e9a9394804484e93f444850cd" title="cc_turn_length" alt="" coords="477,81,584,108">
<area shape="rect" href="$utilities_8cc.html#5739fab895737370bcef008be3ed095b" title="calul de la fonction D1 pour un angle alpha compris entre 0 et pi" alt="" coords="667,31,704,57">
<area shape="rect" href="$utilities_8cc.html#61962e4bcd7680dfab1a327940754c6f" title="conversion angle quelconque &#45;&gt; angle dans l&#39;intervalle [0, 2pi[ radians" alt="" coords="655,81,716,108">
<area shape="rect" href="$utilities_8cc.html#4902a4baa84a781ef875970f9cb7ad98" title="integrales de fresnel" alt="" coords="787,5,853,32">
<area shape="rect" href="$utilities_8cc.html#6115f0dfc39c6ce4c211f10ed9650577" title="fresnels" alt="" coords="787,56,853,83">
<area shape="rect" href="$utilities_8cc.html#71c161a58be2caea9d5ffad5b1385bc7" title="fresnel" alt="" coords="903,31,961,57">
