<area shape="rect" href="$utilities_8cc.html#9120cd82c3c8a879048c38d570ae5472" title="determination de l&#39;index du plus petit element d&#39;un tableau de double" alt="" coords="365,5,480,32">
<area shape="rect" href="$cc-rs_8cc.html#759c779c8ba88778d0e421609ce0ec17" title="cc_circles_rs_path" alt="" coords="177,689,308,716">
<area shape="rect" href="$utilities_8cc.html#94e7151929f1ef2e41e29def00d727e8" title="get elasped time (in microseconds) since the chronometer was last started." alt="" coords="172,740,313,767">
<area shape="rect" href="$utilities_8cc.html#3f04bd537b37b6946fcf2118e0307f14" title="test de la nullite d&#39;un pointeur (p == 0 ?)" alt="" coords="223,791,263,817">
<area shape="rect" href="$utilities_8cc.html#b17235c72f98c79dcc37fbe9169de41b" title="start chronometer." alt="" coords="180,841,305,868">
<area shape="rect" href="$configuration_8cc.html#4addd90be8b4ba29983d0af41be165ff" title="configuration_aligned" alt="" coords="1129,512,1271,539">
<area shape="rect" href="$configuration_8cc.html#4a26be55be188e00fa6fe49001afd3b5" title="configuration_distance" alt="" coords="913,1373,1063,1400">
<area shape="rect" href="$configuration_8cc.html#f762905b1d4788d5d4593ba6b33fba67" title="configuration_equal" alt="" coords="732,1120,863,1147">
<area shape="rect" href="$paths_8cc.html#b39dca8e17e7ee5d3b6d971091f2795a" title="configuration_on_cc_circle" alt="" coords="1113,563,1287,589">
<area shape="rect" href="$utilities_8cc.html#e37d0d784d9be71f79f58adc3f8e5d22" title="initialisation a une valeur donnee d&#39;un tableau de double" alt="" coords="363,56,483,83">
<area shape="rect" href="$utilities_8cc.html#6001f18b895b1b0fa7e545d87ead70a8" title="initialisation a NIL d&#39;un tableau de pointeurs" alt="" coords="363,107,483,133">
<area shape="rect" href="$paths_8cc.html#ffc61dc590f2efda117f5a13e295737c" title="rs_turn_length" alt="" coords="936,791,1040,817">
<area shape="rect" href="$cc-rs_8cc.html#515833913a49bb8b1c3a733fc9f503b0" title="TcScT_exists" alt="" coords="557,1171,656,1197">
<area shape="rect" href="$cc-rs_8cc.html#fc7e3b7618c541281dfc531df8738965" title="TcScT_path" alt="" coords="561,1272,652,1299">
<area shape="rect" href="$cc-rs_8cc.html#c84da5499e63c25b6c93bde5cc38594b" title="TcST_exists" alt="" coords="560,1576,653,1603">
<area shape="rect" href="$cc-rs_8cc.html#0584d08aa3a5ff6c1f45c3ca73b7b1f3" title="TcST_path" alt="" coords="565,1475,648,1501">
<area shape="rect" href="$cc-rs_8cc.html#fc181daf91ac358af78af0e7789c04b5" title="TcT_exists" alt="" coords="1159,867,1241,893">
<area shape="rect" href="$cc-rs_8cc.html#4b1d92d3e6b6f610be558670f58a667c" title="TcT_path" alt="" coords="760,968,835,995">
<area shape="rect" href="$cc-rs_8cc.html#3b6c2f30146a2a704c7a07d3aad69401" title="TcTcT_exists" alt="" coords="939,1703,1037,1729">
<area shape="rect" href="$cc-rs_8cc.html#77337a590378d2e62c3a16daaff17f03" title="TcTcT_path" alt="" coords="379,765,467,792">
<area shape="rect" href="$cc-rs_8cc.html#397faec4d8d559bfdbef8d48013e1ec0" title="TcTT_exists" alt="" coords="1155,1811,1245,1837">
<area shape="rect" href="$cc-rs_8cc.html#9a33344d462ffb6771312eb5e3e8db0d" title="TcTT_path" alt="" coords="383,715,463,741">
<area shape="rect" href="$cc-rs_8cc.html#636f7e27a84603f53c0e63c68fb8dcbf" title="TT_path" alt="" coords="764,816,831,843">
<area shape="rect" href="$cc-rs_8cc.html#295b74939772441014c32b08e2501619" title="TScT_exists" alt="" coords="560,360,653,387">
<area shape="rect" href="$cc-rs_8cc.html#c3402de00a4358606f80a1f7990d0659" title="TScT_path" alt="" coords="565,411,648,437">
<area shape="rect" href="$cc-rs_8cc.html#1ad4ccfb5bb385819d398bdfbf1c9b4d" title="TST_exists" alt="" coords="380,157,465,184">
<area shape="rect" href="$cc-rs_8cc.html#4c5a8a6aad7ff124300f64560189170e" title="TST_path" alt="" coords="385,208,460,235">
<area shape="rect" href="$cc-rs_8cc.html#765b435635ac71b6ed19a0adadab76da" title="TT_exists" alt="" coords="1161,917,1239,944">
<area shape="rect" href="$cc-rs_8cc.html#574892dd0d12740f1351250364736786" title="TTcT_exists" alt="" coords="1155,1753,1245,1780">
<area shape="rect" href="$cc-rs_8cc.html#fb7a0529df21f115d5717e8590dc2ddd" title="TTcT_path" alt="" coords="567,563,647,589">
<area shape="rect" href="$cc-rs_8cc.html#6e3899e8d5e916769bd3042db842ae37" title="TTT_exists" alt="" coords="947,1880,1029,1907">
<area shape="rect" href="$cc-rs_8cc.html#846d2f9727785793ed5a5c284755a6d0" title="TTT_path" alt="" coords="569,613,644,640">
<area shape="rect" href="$utilities_8cc.html#6ceef3af72a3a3a84ec3d602cc75419a" title="get epsilon&#39;s value (for numerical approximation)." alt="" coords="1345,765,1433,792">
<area shape="rect" href="$utilities_8cc.html#61962e4bcd7680dfab1a327940754c6f" title="conversion angle quelconque &#45;&gt; angle dans l&#39;intervalle [0, 2pi[ radians" alt="" coords="1359,563,1420,589">
<area shape="rect" href="$utilities_8cc.html#8c73f58051302f371da1ca560a9acfb0" title="cartesian distance between two points." alt="" coords="1337,1221,1441,1248">
<area shape="rect" href="$paths_8cc.html#7322060e9a9394804484e93f444850cd" title="cc_turn_length" alt="" coords="1147,664,1253,691">
<area shape="rect" href="$cc-rs_8cc.html#9e746d82b71412c12e670701443aee22" title="TceScT_exists" alt="" coords="935,1171,1041,1197">
<area shape="rect" href="$cc-rs_8cc.html#87de5373d6a7cc3d5a03feda064dc160" title="TciScT_exists" alt="" coords="745,1221,849,1248">
<area shape="rect" href="$cc-rs_8cc.html#36a02ef9612a7f5b35a847a45244ed41" title="TceScT_path" alt="" coords="749,1323,845,1349">
<area shape="rect" href="$cc-rs_8cc.html#8494b57e57a05900f22fd56051abebc3" title="TciScT_path" alt="" coords="751,1424,844,1451">
<area shape="rect" href="$utilities_8cc.html#9e1516406022f23a54dd37db9d8ec104" title="global_frame_change" alt="" coords="916,1323,1060,1349">
<area shape="rect" href="$cc-rs_8cc.html#2ef10cf40bdfd2171c42625d82079b45" title="TceST_exists" alt="" coords="939,1525,1037,1552">
<area shape="rect" href="$cc-rs_8cc.html#5ffd5fdb34a53a341853e748e4a8ddd0" title="TciST_exists" alt="" coords="749,1576,845,1603">
<area shape="rect" href="$cc-rs_8cc.html#d3f4703673aa300bcfa47a265ac67ab2" title="TceST_path" alt="" coords="752,1373,843,1400">
<area shape="rect" href="$cc-rs_8cc.html#f9a466ace89b0ec98db7928e7f728bd0" title="TciST_path" alt="" coords="755,1475,840,1501">
<area shape="rect" href="$cc-rs_8cc.html#d264769116c677abaa852b7175982109" title="TcTcT_tangent_circles" alt="" coords="531,979,683,1005">
<area shape="rect" href="$cc-rs_8cc.html#89a2d107052827ddbc08768666cb2f2b" title="TcTT_tangent_circles" alt="" coords="535,867,679,893">
<area shape="rect" href="$cc-rs_8cc.html#50cb32ff9d25acd255c5074dd49b6227" title="TeScT_exists" alt="" coords="939,411,1037,437">
<area shape="rect" href="$utilities_8cc.html#422120fee47f8f91aedfa6ffc2e7bef3" title="elapsed_time" alt="" coords="373,1931,472,1957">
