<area shape="rect" href="$cc-rs_8cc.html#6f038dc62671325d194b20d9c22285a4" title="TeST_exists" alt="" coords="471,56,564,83">
<area shape="rect" href="$cc-rs_8cc.html#0cd277a955839de72f05598ad7e3be52" title="TeST_path" alt="" coords="132,208,215,235">
<area shape="rect" href="$cc-rs_8cc.html#fac043a5cedba865a95957864b796b9e" title="TiST_exists" alt="" coords="473,5,561,32">
<area shape="rect" href="$cc-rs_8cc.html#4f0c8b1fccd9de3703b9c076f8557613" title="TiST_path" alt="" coords="133,157,213,184">
<area shape="rect" href="$utilities_8cc.html#8c73f58051302f371da1ca560a9acfb0" title="cartesian distance between two points." alt="" coords="620,107,724,133">
<area shape="rect" href="$configuration_8cc.html#4a26be55be188e00fa6fe49001afd3b5" title="configuration_distance" alt="" coords="265,157,415,184">
<area shape="rect" href="$utilities_8cc.html#9e1516406022f23a54dd37db9d8ec104" title="global_frame_change" alt="" coords="268,259,412,285">
<area shape="rect" href="$paths_8cc.html#ffc61dc590f2efda117f5a13e295737c" title="rs_turn_length" alt="" coords="288,208,392,235">
<area shape="rect" href="$paths_8cc.html#7322060e9a9394804484e93f444850cd" title="cc_turn_length" alt="" coords="464,208,571,235">
<area shape="rect" href="$utilities_8cc.html#5739fab895737370bcef008be3ed095b" title="calul de la fonction D1 pour un angle alpha compris entre 0 et pi" alt="" coords="653,157,691,184">
<area shape="rect" href="$utilities_8cc.html#6ceef3af72a3a3a84ec3d602cc75419a" title="get epsilon&#39;s value (for numerical approximation)." alt="" coords="628,208,716,235">
<area shape="rect" href="$utilities_8cc.html#61962e4bcd7680dfab1a327940754c6f" title="conversion angle quelconque &#45;&gt; angle dans l&#39;intervalle [0, 2pi[ radians" alt="" coords="641,259,703,285">
<area shape="rect" href="$utilities_8cc.html#4902a4baa84a781ef875970f9cb7ad98" title="integrales de fresnel" alt="" coords="773,132,840,159">
<area shape="rect" href="$utilities_8cc.html#6115f0dfc39c6ce4c211f10ed9650577" title="fresnels" alt="" coords="773,183,840,209">
<area shape="rect" href="$utilities_8cc.html#71c161a58be2caea9d5ffad5b1385bc7" title="fresnel" alt="" coords="889,157,948,184">
