<area shape="rect" href="$cc-rs_8cc.html#9e746d82b71412c12e670701443aee22" title="TceScT_exists" alt="" coords="492,132,599,159">
<area shape="rect" href="$cc-rs_8cc.html#36a02ef9612a7f5b35a847a45244ed41" title="TceScT_path" alt="" coords="145,132,241,159">
<area shape="rect" href="$cc-rs_8cc.html#87de5373d6a7cc3d5a03feda064dc160" title="TciScT_exists" alt="" coords="493,284,597,311">
<area shape="rect" href="$cc-rs_8cc.html#8494b57e57a05900f22fd56051abebc3" title="TciScT_path" alt="" coords="147,183,240,209">
<area shape="rect" href="$utilities_8cc.html#6ceef3af72a3a3a84ec3d602cc75419a" title="get epsilon&#39;s value (for numerical approximation)." alt="" coords="657,132,745,159">
<area shape="rect" href="$utilities_8cc.html#8c73f58051302f371da1ca560a9acfb0" title="cartesian distance between two points." alt="" coords="649,183,753,209">
<area shape="rect" href="$configuration_8cc.html#4a26be55be188e00fa6fe49001afd3b5" title="configuration_distance" alt="" coords="292,183,441,209">
<area shape="rect" href="$utilities_8cc.html#9e1516406022f23a54dd37db9d8ec104" title="global_frame_change" alt="" coords="295,81,439,108">
<area shape="rect" href="$paths_8cc.html#ffc61dc590f2efda117f5a13e295737c" title="rs_turn_length" alt="" coords="315,132,419,159">
<area shape="rect" href="$paths_8cc.html#7322060e9a9394804484e93f444850cd" title="cc_turn_length" alt="" coords="492,81,599,108">
<area shape="rect" href="$utilities_8cc.html#5739fab895737370bcef008be3ed095b" title="calul de la fonction D1 pour un angle alpha compris entre 0 et pi" alt="" coords="683,31,720,57">
<area shape="rect" href="$utilities_8cc.html#61962e4bcd7680dfab1a327940754c6f" title="conversion angle quelconque &#45;&gt; angle dans l&#39;intervalle [0, 2pi[ radians" alt="" coords="671,81,732,108">
<area shape="rect" href="$utilities_8cc.html#4902a4baa84a781ef875970f9cb7ad98" title="integrales de fresnel" alt="" coords="803,5,869,32">
<area shape="rect" href="$utilities_8cc.html#6115f0dfc39c6ce4c211f10ed9650577" title="fresnels" alt="" coords="803,56,869,83">
<area shape="rect" href="$utilities_8cc.html#71c161a58be2caea9d5ffad5b1385bc7" title="fresnel" alt="" coords="919,31,977,57">
