<area shape="rect" href="$test-nw_8cc.html" title="main/test&#45;nw.cc" alt="" coords="123,229,235,256">
<area shape="rect" href="$test_8cc.html" title="main/test.cc" alt="" coords="403,229,496,256">
<area shape="rect" href="$cc-dubins_8h.html" title="smt/cc&#45;dubins.h" alt="" coords="261,155,376,181">
<area shape="rect" href="$cc-rs_8h.html" title="smt/cc&#45;rs.h" alt="" coords="99,155,187,181">
<area shape="rect" href="$configuration_8cc.html" title="smt/configuration.cc" alt="" coords="672,80,811,107">
<area shape="rect" href="$graphicize_8h.html" title="smt/graphicize.h" alt="" coords="621,155,739,181">
<area shape="rect" href="$paths_8h.html" title="smt/paths.h" alt="" coords="363,80,453,107">
<area shape="rect" href="$cc-dubins_8cc.html" title="smt/cc&#45;dubins.cc" alt="" coords="259,229,379,256">
<area shape="rect" href="$cc-rs_8cc.html" title="smt/cc&#45;rs.cc" alt="" coords="5,229,99,256">
<area shape="rect" href="$graphicize_8cc.html" title="smt/graphicize.cc" alt="" coords="619,229,741,256">
<area shape="rect" href="$paths_8cc.html" title="smt/paths.cc" alt="" coords="451,155,547,181">
