<area shape="rect" href="$graphicize_8cc.html#42ae4da1ac79a881861a5565b8eb1bd2" title="cc_turn_graphicize" alt="" coords="133,157,264,184">
<area shape="rect" href="$graphicize_8cc.html#0740afe1d82e2b5b74ff3c1ca1e2dd93" title="graphicize" alt="" coords="159,208,239,235">
<area shape="rect" href="$utilities_8cc.html#3f04bd537b37b6946fcf2118e0307f14" title="test de la nullite d&#39;un pointeur (p == 0 ?)" alt="" coords="179,259,219,285">
<area shape="rect" href="$utilities_8cc.html#5739fab895737370bcef008be3ed095b" title="calul de la fonction D1 pour un angle alpha compris entre 0 et pi" alt="" coords="349,56,387,83">
<area shape="rect" href="$utilities_8cc.html#651cf80549a3001fb0dfbc07872c38fe" title="end_of_clothoid" alt="" coords="312,107,424,133">
<area shape="rect" href="$utilities_8cc.html#61962e4bcd7680dfab1a327940754c6f" title="conversion angle quelconque &#45;&gt; angle dans l&#39;intervalle [0, 2pi[ radians" alt="" coords="513,157,575,184">
<area shape="rect" href="$utilities_8cc.html#6ceef3af72a3a3a84ec3d602cc75419a" title="get epsilon&#39;s value (for numerical approximation)." alt="" coords="324,208,412,235">
<area shape="rect" href="$utilities_8cc.html#8c73f58051302f371da1ca560a9acfb0" title="cartesian distance between two points." alt="" coords="316,259,420,285">
<area shape="rect" href="$utilities_8cc.html#4902a4baa84a781ef875970f9cb7ad98" title="integrales de fresnel" alt="" coords="511,5,577,32">
<area shape="rect" href="$utilities_8cc.html#6115f0dfc39c6ce4c211f10ed9650577" title="fresnels" alt="" coords="511,56,577,83">
<area shape="rect" href="$utilities_8cc.html#71c161a58be2caea9d5ffad5b1385bc7" title="fresnel" alt="" coords="665,31,724,57">
<area shape="rect" href="$utilities_8cc.html#9e1516406022f23a54dd37db9d8ec104" title="global_frame_change" alt="" coords="472,107,616,133">
