<area shape="rect" href="$configuration_8h.html" title="smt/configuration.h" alt="" coords="388,80,519,107">
<area shape="rect" href="$paths_8h.html" title="smt/paths.h" alt="" coords="357,155,448,181">
<area shape="rect" href="$test-nw_8cc.html" title="main/test&#45;nw.cc" alt="" coords="5,304,117,331">
<area shape="rect" href="$test_8cc.html" title="main/test.cc" alt="" coords="403,304,496,331">
<area shape="rect" href="$cc-dubins_8h.html" title="smt/cc&#45;dubins.h" alt="" coords="256,229,371,256">
<area shape="rect" href="$cc-rs_8h.html" title="smt/cc&#45;rs.h" alt="" coords="144,229,232,256">
<area shape="rect" href="$configuration_8cc.html" title="smt/configuration.cc" alt="" coords="667,155,805,181">
<area shape="rect" href="$graphicize_8h.html" title="smt/graphicize.h" alt="" coords="616,229,733,256">
<area shape="rect" href="$cc-dubins_8cc.html" title="smt/cc&#45;dubins.cc" alt="" coords="259,304,379,331">
<area shape="rect" href="$cc-rs_8cc.html" title="smt/cc&#45;rs.cc" alt="" coords="141,304,235,331">
<area shape="rect" href="$graphicize_8cc.html" title="smt/graphicize.cc" alt="" coords="613,304,736,331">
<area shape="rect" href="$paths_8cc.html" title="smt/paths.cc" alt="" coords="445,229,541,256">
