<area shape="rect" href="$paths_8cc.html#7322060e9a9394804484e93f444850cd" title="cc_turn_length" alt="" coords="184,107,291,133">
<area shape="rect" href="$utilities_8cc.html#5739fab895737370bcef008be3ed095b" title="calul de la fonction D1 pour un angle alpha compris entre 0 et pi" alt="" coords="373,31,411,57">
<area shape="rect" href="$utilities_8cc.html#6ceef3af72a3a3a84ec3d602cc75419a" title="get epsilon&#39;s value (for numerical approximation)." alt="" coords="348,81,436,108">
<area shape="rect" href="$utilities_8cc.html#8c73f58051302f371da1ca560a9acfb0" title="cartesian distance between two points." alt="" coords="340,132,444,159">
<area shape="rect" href="$utilities_8cc.html#61962e4bcd7680dfab1a327940754c6f" title="conversion angle quelconque &#45;&gt; angle dans l&#39;intervalle [0, 2pi[ radians" alt="" coords="361,183,423,209">
<area shape="rect" href="$utilities_8cc.html#4902a4baa84a781ef875970f9cb7ad98" title="integrales de fresnel" alt="" coords="493,5,560,32">
<area shape="rect" href="$utilities_8cc.html#6115f0dfc39c6ce4c211f10ed9650577" title="fresnels" alt="" coords="493,56,560,83">
<area shape="rect" href="$utilities_8cc.html#71c161a58be2caea9d5ffad5b1385bc7" title="fresnel" alt="" coords="609,31,668,57">
