<area shape="rect" href="$cc-dubins_8cc.html#2d01483e4c695b95880709a860991202" title="cc_dubins" alt="" coords="627,931,707,957">
<area shape="rect" href="$cc-rs_8cc.html#078c4463db6bf565ab90fb19f41b360b" title="cc_reeds_shepp" alt="" coords="189,1336,304,1363">
<area shape="rect" href="$utilities_8cc.html#e349623e59b99c98f8685cfab5ea8df2" title="display_to_world_x" alt="" coords="181,1387,312,1413">
<area shape="rect" href="$utilities_8cc.html#85cd5c6fbe033a30e3efbd405c53834f" title="display_to_world_y" alt="" coords="181,1437,312,1464">
<area shape="rect" href="$graphicize_8cc.html#0740afe1d82e2b5b74ff3c1ca1e2dd93" title="graphicize" alt="" coords="207,1488,287,1515">
<area shape="rect" href="$classSMT__CC__RS__Path.html#8d610822c01cfc4eca9bbd5438528af4" title="SMT_CC_RS_Path::print" alt="" coords="164,1539,329,1565">
<area shape="rect" href="$classSMT__CC__Dubins__Path.html#3af1716e0b5d739a64e5f211f27970ca" title="SMT_CC_Dubins_Path::print" alt="" coords="153,1589,340,1616">
<area shape="rect" href="$utilities_8cc.html#9120cd82c3c8a879048c38d570ae5472" title="determination de l&#39;index du plus petit element d&#39;un tableau de double" alt="" coords="812,1235,927,1261">
<area shape="rect" href="$configuration_8cc.html#4addd90be8b4ba29983d0af41be165ff" title="configuration_aligned" alt="" coords="1011,323,1152,349">
<area shape="rect" href="$configuration_8cc.html#4a26be55be188e00fa6fe49001afd3b5" title="configuration_distance" alt="" coords="1007,1108,1156,1135">
<area shape="rect" href="$configuration_8cc.html#f762905b1d4788d5d4593ba6b33fba67" title="configuration_equal" alt="" coords="804,1133,935,1160">
<area shape="rect" href="$paths_8cc.html#b39dca8e17e7ee5d3b6d971091f2795a" title="configuration_on_cc_circle" alt="" coords="995,373,1168,400">
<area shape="rect" href="$utilities_8cc.html#e37d0d784d9be71f79f58adc3f8e5d22" title="initialisation a une valeur donnee d&#39;un tableau de double" alt="" coords="809,880,929,907">
<area shape="rect" href="$paths_8cc.html#fbee886cce846298b0b82d56c2af9208" title="dubins_turn_length" alt="" coords="804,525,935,552">
<area shape="rect" href="$paths_8cc.html#426ace6d59960ef764b7c113903f377c" title="external_mu_tangent" alt="" coords="799,677,940,704">
<area shape="rect" href="$paths_8cc.html#c210b396f19052e969adebdf87ad45ae" title="external_mu_tangent_exists" alt="" coords="989,576,1173,603">
<area shape="rect" href="$paths_8cc.html#da3abf86ab5a82a5b22e3be7b3fc120d" title="internal_mu_tangent" alt="" coords="800,728,939,755">
<area shape="rect" href="$paths_8cc.html#c4e99763e75a68ab60f4722a95214cb4" title="internal_mu_tangent_exists" alt="" coords="992,944,1171,971">
<area shape="rect" href="$utilities_8cc.html#94e7151929f1ef2e41e29def00d727e8" title="get elasped time (in microseconds) since the chronometer was last started." alt="" coords="799,1336,940,1363">
<area shape="rect" href="$utilities_8cc.html#6001f18b895b1b0fa7e545d87ead70a8" title="initialisation a NIL d&#39;un tableau de pointeurs" alt="" coords="809,931,929,957">
<area shape="rect" href="$utilities_8cc.html#b17235c72f98c79dcc37fbe9169de41b" title="start chronometer." alt="" coords="807,1184,932,1211">
<area shape="rect" href="$paths_8cc.html#73dda487ad2f6787aea0b0be7c3afdf6" title="tangent_circle" alt="" coords="819,779,920,805">
<area shape="rect" href="$paths_8cc.html#470d49b87d30c5ae4398b9e2330d49e8" title="tangent_circle_exists" alt="" coords="1009,1013,1153,1040">
<area shape="rect" href="$utilities_8cc.html#6ceef3af72a3a3a84ec3d602cc75419a" title="get epsilon&#39;s value (for numerical approximation)." alt="" coords="1231,475,1319,501">
<area shape="rect" href="$utilities_8cc.html#61962e4bcd7680dfab1a327940754c6f" title="conversion angle quelconque &#45;&gt; angle dans l&#39;intervalle [0, 2pi[ radians" alt="" coords="1244,373,1305,400">
<area shape="rect" href="$utilities_8cc.html#8c73f58051302f371da1ca560a9acfb0" title="cartesian distance between two points." alt="" coords="1223,753,1327,780">
<area shape="rect" href="$paths_8cc.html#7322060e9a9394804484e93f444850cd" title="cc_turn_length" alt="" coords="1028,424,1135,451">
<area shape="rect" href="$utilities_8cc.html#9e1516406022f23a54dd37db9d8ec104" title="global_frame_change" alt="" coords="1009,652,1153,679">
<area shape="rect" href="$utilities_8cc.html#422120fee47f8f91aedfa6ffc2e7bef3" title="elapsed_time" alt="" coords="1032,1336,1131,1363">
<area shape="rect" href="$cc-rs_8cc.html#759c779c8ba88778d0e421609ce0ec17" title="cc_circles_rs_path" alt="" coords="397,576,528,603">
<area shape="rect" href="$utilities_8cc.html#3f04bd537b37b6946fcf2118e0307f14" title="test de la nullite d&#39;un pointeur (p == 0 ?)" alt="" coords="443,1589,483,1616">
<area shape="rect" href="$paths_8cc.html#ffc61dc590f2efda117f5a13e295737c" title="rs_turn_length" alt="" coords="817,272,921,299">
<area shape="rect" href="$cc-rs_8cc.html#515833913a49bb8b1c3a733fc9f503b0" title="TcScT_exists" alt="" coords="617,703,716,729">
<area shape="rect" href="$cc-rs_8cc.html#fc7e3b7618c541281dfc531df8738965" title="TcScT_path" alt="" coords="621,753,712,780">
<area shape="rect" href="$cc-rs_8cc.html#c84da5499e63c25b6c93bde5cc38594b" title="TcST_exists" alt="" coords="620,804,713,831">
<area shape="rect" href="$cc-rs_8cc.html#0584d08aa3a5ff6c1f45c3ca73b7b1f3" title="TcST_path" alt="" coords="625,855,708,881">
<area shape="rect" href="$cc-rs_8cc.html#fc181daf91ac358af78af0e7789c04b5" title="TcT_exists" alt="" coords="1040,475,1123,501">
<area shape="rect" href="$cc-rs_8cc.html#4b1d92d3e6b6f610be558670f58a667c" title="TcT_path" alt="" coords="629,551,704,577">
<area shape="rect" href="$cc-rs_8cc.html#3b6c2f30146a2a704c7a07d3aad69401" title="TcTcT_exists" alt="" coords="820,1387,919,1413">
<area shape="rect" href="$cc-rs_8cc.html#77337a590378d2e62c3a16daaff17f03" title="TcTcT_path" alt="" coords="623,348,711,375">
<area shape="rect" href="$cc-rs_8cc.html#397faec4d8d559bfdbef8d48013e1ec0" title="TcTT_exists" alt="" coords="1036,1437,1127,1464">
<area shape="rect" href="$cc-rs_8cc.html#9a33344d462ffb6771312eb5e3e8db0d" title="TcTT_path" alt="" coords="627,399,707,425">
<area shape="rect" href="$cc-rs_8cc.html#295b74939772441014c32b08e2501619" title="TScT_exists" alt="" coords="620,95,713,121">
<area shape="rect" href="$cc-rs_8cc.html#c3402de00a4358606f80a1f7990d0659" title="TScT_path" alt="" coords="625,145,708,172">
<area shape="rect" href="$cc-rs_8cc.html#1ad4ccfb5bb385819d398bdfbf1c9b4d" title="TST_exists" alt="" coords="624,196,709,223">
<area shape="rect" href="$cc-rs_8cc.html#4c5a8a6aad7ff124300f64560189170e" title="TST_path" alt="" coords="629,247,704,273">
<area shape="rect" href="$cc-rs_8cc.html#765b435635ac71b6ed19a0adadab76da" title="TT_exists" alt="" coords="1043,525,1120,552">
<area shape="rect" href="$classSMT__CC__Circle.html#3ce17142f31775f9dcf8fa89108f39e4" title="SMT_CC_Circle::print" alt="" coords="389,1539,536,1565">
<area shape="rect" href="$classSMT__Configuration.html#181819d35df935e75d258a04be20fe21" title="SMT_Configuration::print" alt="" coords="585,1640,748,1667">
