<area shape="rect" href="$test-nw_8cc.html" title="main/test&#45;nw.cc" alt="" coords="123,304,235,331">
<area shape="rect" href="$test_8cc.html" title="main/test.cc" alt="" coords="493,304,587,331">
<area shape="rect" href="$cc-dubins_8h.html" title="smt/cc&#45;dubins.h" alt="" coords="313,229,428,256">
<area shape="rect" href="$cc-rs_8h.html" title="smt/cc&#45;rs.h" alt="" coords="31,229,119,256">
<area shape="rect" href="$configuration_8h.html" title="smt/configuration.h" alt="" coords="401,80,532,107">
<area shape="rect" href="$graphicize_8h.html" title="smt/graphicize.h" alt="" coords="637,229,755,256">
<area shape="rect" href="$paths_8h.html" title="smt/paths.h" alt="" coords="236,155,327,181">
<area shape="rect" href="$utilities_8cc.html" title="utilities/utilities.cc" alt="" coords="868,80,993,107">
<area shape="rect" href="$cc-dubins_8cc.html" title="smt/cc&#45;dubins.cc" alt="" coords="311,304,431,331">
<area shape="rect" href="$cc-rs_8cc.html" title="smt/cc&#45;rs.cc" alt="" coords="5,304,99,331">
<area shape="rect" href="$configuration_8cc.html" title="smt/configuration.cc" alt="" coords="553,155,692,181">
<area shape="rect" href="$graphicize_8cc.html" title="smt/graphicize.cc" alt="" coords="635,304,757,331">
<area shape="rect" href="$paths_8cc.html" title="smt/paths.cc" alt="" coords="193,229,289,256">
